
> investment-platform@0.1.0 build
> next build

  ▲ Next.js 14.2.3

   Creating an optimized production build ...
 ✓ Compiled successfully
   Linting and checking validity of types ...

Failed to compile.

./src/app/admin/requests/page.tsx
13:6  Warning: React Hook useEffect has a missing dependency: 'fetchRequests'. Either include it or remove the dependency array.  react-hooks/exhaustive-deps

./src/app/dashboard/investments/MarketplaceContent.tsx
35:9  Warning: The 'updateOffersPrices' function makes the dependencies of useEffect Hook (at line 100) change on every render. To fix this, wrap the definition of 'updateOffersPrices' in its own useCallback() Hook.  react-hooks/exhaustive-deps

./src/app/dashboard/page.tsx
207:18  Error: 'User' is not defined.  react/jsx-no-undef

info  - Need to disable some ESLint rules? Learn more here: https://nextjs.org/docs/basic-features/eslint#disabling-rules
